// Jest Snapshot v1, https://goo.gl/fbAQLP

exports[`user sign up test should return validation error for duplicate email 1`] = `
Object {
  "errors": Array [
    "A user with this email already exists.",
  ],
}
`;
